\BOOKMARK [0][-]{chapter*.4}{\376\377\000T\000h\000\364\000n\000g\000\040\000t\000i\000n\000\040\000d\036\361\000\040\000\341\000n}{}% 1
\BOOKMARK [0][-]{chapter.1}{\376\377\000B\000\340\000i\000\040\000t\000o\000\341\000n\000,\000\040\000d\036\357\000\040\000l\000i\036\307\000u\000\040\000v\000\340\000\040\000q\000u\000y\000\040\000t\000r\000\354\000n\000h\000\040\001\021\000\341\000n\000h\000\040\000g\000i\000\341}{}% 2
\BOOKMARK [1][-]{section.1.1}{\376\377\000M\036\345\000c\000\040\000t\000i\000\352\000u\000\040\000v\000\340\000\040\000p\000h\036\241\000m\000\040\000v\000i\000\040\000t\000h\036\361\000c\000\040\000n\000g\000h\000i\036\307\000m}{chapter.1}% 3
\BOOKMARK [1][-]{section.1.2}{\376\377\000H\000a\000i\000\040\000b\036\331\000\040\000d\036\357\000\040\000l\000i\036\307\000u\000\040\036\337\000\040\000h\000a\000i\000\040\000m\036\351\000c\000\040\001\021\036\331\000\040\000k\000h\000\363}{chapter.1}% 4
\BOOKMARK [1][-]{section.1.3}{\376\377\000T\000\341\000c\000h\000\040\000d\036\357\000\040\000l\000i\036\307\000u\000\040\000v\000\340\000\040\000c\000h\000u\036\251\000n\000\040\000h\000\363\000a}{chapter.1}% 5
\BOOKMARK [1][-]{section.1.4}{\376\377\000M\000e\000t\000r\000i\000c\000\040\000v\000\340\000\040\000n\000g\000u\000y\000\352\000n\000\040\000t\036\257\000c\000\040\001\021\036\315\000c\000\040\000k\036\277\000t\000\040\000q\000u\036\243}{chapter.1}% 6
\BOOKMARK [0][-]{chapter.2}{\376\377\000T\036\353\000\040\000n\036\301\000n\000\040\000t\036\243\000n\000g\000\040\000C\000N\000N\000\040\001\021\036\277\000n\000\040\000b\000a\000\040\000c\000\341\000c\000h\000\040\000c\000\340\000i\000\040\001\021\036\267\000t}{}% 7
\BOOKMARK [1][-]{section.2.1}{\376\377\000P\000h\000\351\000p\000\040\000t\000\355\000c\000h\000\040\000c\000h\036\255\000p\000\040\000v\000\340\000\040\000f\000e\000a\000t\000u\000r\000e\000\040\000m\000a\000p}{chapter.2}% 8
\BOOKMARK [1][-]{section.2.2}{\376\377\000R\000e\000L\000U\000,\000\040\000p\000o\000o\000l\000i\000n\000g\000\040\000v\000\340\000\040\000r\000e\000c\000e\000p\000t\000i\000v\000e\000\040\000f\000i\000e\000l\000d}{chapter.2}% 9
\BOOKMARK [1][-]{section.2.3}{\376\377\000S\000o\000f\000t\000m\000a\000x\000,\000\040\000C\000r\000o\000s\000s\000-\000E\000n\000t\000r\000o\000p\000y\000\040\000v\000\340\000\040\000b\000a\000c\000k\000p\000r\000o\000p\000a\000g\000a\000t\000i\000o\000n}{chapter.2}% 10
\BOOKMARK [1][-]{section.2.4}{\376\377\000T\000r\000a\000i\000n\000i\000n\000g\000\040\000l\000o\000o\000p\000\040\000t\000h\000u\036\247\000n\000\040\000N\000u\000m\000P\000y}{chapter.2}% 11
\BOOKMARK [1][-]{section.2.5}{\376\377\000C\036\245\000u\000\040\000h\000\354\000n\000h\000\040\000m\000\364\000\040\000h\000\354\000n\000h\000\040\000v\000\340\000\040\000c\000h\000\355\000n\000h\000\040\000s\000\341\000c\000h\000\040\000h\000u\036\245\000n\000\040\000l\000u\000y\036\307\000n}{chapter.2}% 12
\BOOKMARK [1][-]{section.2.6}{\376\377\000V\036\313\000\040\000t\000r\000\355\000\040\000c\036\347\000a\000\040\000r\000e\000s\000i\000d\000u\000a\000l\000\040\000n\000e\000t\000w\000o\000r\000k\000\040\000t\000r\000o\000n\000g\000\040\000t\000i\036\277\000n\000\040\000t\000r\000\354\000n\000h\000\040\000C\000N\000N}{chapter.2}% 13
\BOOKMARK [0][-]{chapter.3}{\376\377\001\020\036\321\000i\000\040\000c\000h\000u\036\251\000n\000\040\000t\000r\000\352\000n\000\040\000M\000N\000I\000S\000T}{}% 14
\BOOKMARK [1][-]{section.3.1}{\376\377\000D\036\357\000\040\000l\000i\036\307\000u\000\040\000v\000\340\000\040\000c\036\245\000u\000\040\000h\000\354\000n\000h\000\040\000r\000i\000\352\000n\000g}{chapter.3}% 15
\BOOKMARK [1][-]{section.3.2}{\376\377\000K\036\277\000t\000\040\000q\000u\036\243\000\040\000t\000e\000s\000t\000\040\000s\000e\000t}{chapter.3}% 16
\BOOKMARK [1][-]{section.3.3}{\376\377\000D\000i\036\305\000n\000\040\000b\000i\036\277\000n\000\040\000h\000u\036\245\000n\000\040\000l\000u\000y\036\307\000n}{chapter.3}% 17
\BOOKMARK [1][-]{section.3.4}{\376\377\000M\000a\000\040\000t\000r\036\255\000n\000\040\000n\000h\036\247\000m\000\040\000l\036\253\000n\000\040\000v\000\340\000\040\000p\000h\000\342\000n\000\040\000t\000\355\000c\000h\000\040\000l\036\327\000i}{chapter.3}% 18
\BOOKMARK [0][-]{chapter.4}{\376\377\001\020\036\321\000i\000\040\000c\000h\000u\036\251\000n\000\040\000t\000r\000\352\000n\000\040\000C\000I\000F\000A\000R\000-\0001\0000}{}% 19
\BOOKMARK [1][-]{section.4.1}{\376\377\000D\036\357\000\040\000l\000i\036\307\000u\000\040\000v\000\340\000\040\000c\036\245\000u\000\040\000h\000\354\000n\000h\000\040\000r\000i\000\352\000n\000g}{chapter.4}% 20
\BOOKMARK [1][-]{section.4.2}{\376\377\000K\036\277\000t\000\040\000q\000u\036\243\000\040\000t\000e\000s\000t\000\040\000s\000e\000t}{chapter.4}% 21
\BOOKMARK [1][-]{section.4.3}{\376\377\000D\000i\036\305\000n\000\040\000b\000i\036\277\000n\000\040\000h\000u\036\245\000n\000\040\000l\000u\000y\036\307\000n}{chapter.4}% 22
\BOOKMARK [1][-]{section.4.4}{\376\377\001\020\036\331\000\040\000k\000h\000\363\000\040\000t\000h\000e\000o\000\040\000l\036\333\000p\000\040\000v\000\340\000\040\000c\000\341\000c\000\040\000l\036\327\000i\000\040\000n\036\325\000i\000\040\000b\036\255\000t}{chapter.4}% 23
\BOOKMARK [0][-]{chapter.5}{\376\377\001\020\036\321\000i\000\040\000c\000h\000i\036\277\000u\000\040\000t\036\325\000n\000g\000\040\000h\036\343\000p\000\040\000v\000\340\000\040\000k\036\277\000t\000\040\000l\000u\036\255\000n}{}% 24
\BOOKMARK [1][-]{section.5.1}{\376\377\000K\036\277\000t\000\040\000q\000u\036\243\000\040\000c\000h\000\355\000n\000h\000\040\000g\000i\036\357\000a\000\040\000h\000a\000i\000\040\000d\000a\000t\000a\000s\000e\000t}{chapter.5}% 25
\BOOKMARK [1][-]{section.5.2}{\376\377\000V\000a\000i\000\040\000t\000r\000\362\000\040\000c\036\347\000a\000\040\000b\000a\000\040\000c\000\341\000c\000h\000\040\000c\000\340\000i\000\040\001\021\036\267\000t}{chapter.5}% 26
\BOOKMARK [1][-]{section.5.3}{\376\377\000G\000i\036\333\000i\000\040\000h\036\241\000n\000\040\000c\036\347\000a\000\040\000p\000h\000\351\000p\000\040\001\021\036\321\000i\000\040\000c\000h\000u\036\251\000n}{chapter.5}% 27
\BOOKMARK [1][-]{section.5.4}{\376\377\000K\000h\036\243\000\040\000n\001\003\000n\000g\000\040\000t\000\341\000i\000\040\000l\036\255\000p}{chapter.5}% 28
\BOOKMARK [1][-]{section.5.5}{\376\377\000K\036\277\000t\000\040\000l\000u\036\255\000n\000\040\000v\000\340\000\040\000h\001\260\036\333\000n\000g\000\040\000m\036\337\000\040\000r\036\331\000n\000g}{chapter.5}% 29
